=== PHASE 2: prospective suite (20 pairs, 120 runs) ===
    predictions frozen in pre_registration_prospective.md @ 262cf35

  [1/120] fltrust->rfa           committed_scaling  s42: acc=0.479 ASR=0.055 (809s)
  [2/120] fltrust->rfa           committed_scaling  s43: acc=0.538 ASR=0.049 (679s)
  [3/120] fltrust->rfa           committed_scaling  s44: acc=0.519 ASR=0.039 (701s)
  [4/120] fltrust->rfa           committed_pixel    s42: acc=0.478 ASR=0.053 (659s)
  [5/120] fltrust->rfa           committed_pixel    s43: acc=0.537 ASR=0.050 (654s)
  [6/120] fltrust->rfa           committed_pixel    s44: acc=0.519 ASR=0.042 (656s)
  [7/120] foolsgold->fltrust       committed_scaling  s42: acc=0.521 ASR=0.065 (646s)
  [8/120] foolsgold->fltrust       committed_scaling  s43: acc=0.568 ASR=0.084 (642s)
  [9/120] foolsgold->fltrust       committed_scaling  s44: acc=0.555 ASR=0.043 (642s)
  [10/120] foolsgold->fltrust       committed_pixel    s42: acc=0.522 ASR=0.060 (670s)
  [11/120] foolsgold->fltrust       committed_pixel    s43: acc=0.570 ASR=0.067 (667s)
  [12/120] foolsgold->fltrust       committed_pixel    s44: acc=0.544 ASR=0.051 (667s)
  [13/120] reputation->fltrust       committed_scaling  s42: acc=0.557 ASR=0.047 (737s)
  [14/120] reputation->fltrust       committed_scaling  s43: acc=0.608 ASR=0.046 (746s)
  [15/120] reputation->fltrust       committed_scaling  s44: acc=0.571 ASR=0.045 (748s)
  [16/120] reputation->fltrust       committed_pixel    s42: acc=0.552 ASR=0.047 (748s)
  [17/120] reputation->fltrust       committed_pixel    s43: acc=0.602 ASR=0.045 (743s)
  [18/120] reputation->fltrust       committed_pixel    s44: acc=0.572 ASR=0.045 (740s)
  [19/120] norm_clip->fltrust       committed_scaling  s42: acc=0.557 ASR=0.046 (659s)
  [20/120] norm_clip->fltrust       committed_scaling  s43: acc=0.607 ASR=0.044 (659s)
  [21/120] norm_clip->fltrust       committed_scaling  s44: acc=0.571 ASR=0.046 (658s)
  [22/120] norm_clip->fltrust       committed_pixel    s42: acc=0.553 ASR=0.049 (642s)
  [23/120] norm_clip->fltrust       committed_pixel    s43: acc=0.602 ASR=0.047 (653s)
  [24/120] norm_clip->fltrust       committed_pixel    s44: acc=0.569 ASR=0.043 (672s)
  [25/120] rfa->fltrust       committed_scaling  s42: acc=0.551 ASR=0.052 (660s)
  [26/120] rfa->fltrust       committed_scaling  s43: acc=0.603 ASR=0.044 (665s)
  [27/120] rfa->fltrust       committed_scaling  s44: acc=0.570 ASR=0.044 (673s)
  [28/120] rfa->fltrust       committed_pixel    s42: acc=0.550 ASR=0.046 (667s)
  [29/120] rfa->fltrust       committed_pixel    s43: acc=0.605 ASR=0.045 (666s)
  [30/120] rfa->fltrust       committed_pixel    s44: acc=0.569 ASR=0.048 (663s)
  [31/120] fltrust->coord_median  committed_scaling  s42: acc=0.466 ASR=0.035 (647s)
  [32/120] fltrust->coord_median  committed_scaling  s43: acc=0.542 ASR=0.047 (642s)
  [33/120] fltrust->coord_median  committed_scaling  s44: acc=0.513 ASR=0.039 (643s)
  [34/120] fltrust->coord_median  committed_pixel    s42: acc=0.459 ASR=0.038 (658s)
  [35/120] fltrust->coord_median  committed_pixel    s43: acc=0.537 ASR=0.045 (694s)
  [36/120] fltrust->coord_median  committed_pixel    s44: acc=0.512 ASR=0.041 (765s)
  [37/120] fltrust->reputation    committed_scaling  s42: acc=0.484 ASR=0.052 (820s)
  [38/120] fltrust->reputation    committed_scaling  s43: acc=0.550 ASR=0.052 (839s)
  [39/120] fltrust->reputation    committed_scaling  s44: acc=0.525 ASR=0.041 (752s)
  [40/120] fltrust->reputation    committed_pixel    s42: acc=0.478 ASR=0.045 (737s)
  [41/120] fltrust->reputation    committed_pixel    s43: acc=0.545 ASR=0.053 (1218s)
  [42/120] fltrust->reputation    committed_pixel    s44: acc=0.526 ASR=0.042 (1370s)
  [43/120] fltrust->norm_clip     committed_scaling  s42: acc=0.551 ASR=0.048 (961s)
  [44/120] fltrust->norm_clip     committed_scaling  s43: acc=0.603 ASR=0.049 (1141s)
  [45/120] fltrust->norm_clip     committed_scaling  s44: acc=0.571 ASR=0.043 (1241s)
  [46/120] fltrust->norm_clip     committed_pixel    s42: acc=0.554 ASR=0.048 (1244s)
  [47/120] fltrust->norm_clip     committed_pixel    s43: acc=0.606 ASR=0.045 (1239s)
  [48/120] fltrust->norm_clip     committed_pixel    s44: acc=0.571 ASR=0.043 (1275s)
  [49/120] fltrust->krum          committed_scaling  s42: acc=0.307 ASR=0.000 (1257s)
  [50/120] fltrust->krum          committed_scaling  s43: acc=0.440 ASR=0.088 (1253s)
  [51/120] fltrust->krum          committed_scaling  s44: acc=0.351 ASR=0.088 (1295s)
  [52/120] fltrust->krum          committed_pixel    s42: acc=0.293 ASR=0.000 (1266s)
  [53/120] fltrust->krum          committed_pixel    s43: acc=0.419 ASR=0.124 (1248s)
  [54/120] fltrust->krum          committed_pixel    s44: acc=0.358 ASR=0.109 (1237s)
  [55/120] fltrust->multi_krum    committed_scaling  s42: acc=0.556 ASR=0.046 (1270s)
  [56/120] fltrust->multi_krum    committed_scaling  s43: acc=0.602 ASR=0.045 (1267s)
  [57/120] fltrust->multi_krum    committed_scaling  s44: acc=0.571 ASR=0.044 (1236s)
  [58/120] fltrust->multi_krum    committed_pixel    s42: acc=0.554 ASR=0.047 (1244s)
  [59/120] fltrust->multi_krum    committed_pixel    s43: acc=0.603 ASR=0.045 (1299s)
  [60/120] fltrust->multi_krum    committed_pixel    s44: acc=0.570 ASR=0.042 (1260s)
  [61/120] fltrust->trimmed_mean  committed_scaling  s42: acc=0.493 ASR=0.042 (1219s)
  [62/120] fltrust->trimmed_mean  committed_scaling  s43: acc=0.558 ASR=0.046 (737s)
  [63/120] fltrust->trimmed_mean  committed_scaling  s44: acc=0.534 ASR=0.039 (669s)
  [64/120] fltrust->trimmed_mean  committed_pixel    s42: acc=0.491 ASR=0.049 (663s)
  [65/120] fltrust->trimmed_mean  committed_pixel    s43: acc=0.562 ASR=0.048 (668s)
  [66/120] fltrust->trimmed_mean  committed_pixel    s44: acc=0.537 ASR=0.040 (671s)
  [67/120] foolsgold->krum          committed_scaling  s42: acc=0.103 ASR=0.223 (645s)
  [68/120] foolsgold->krum          committed_scaling  s43: acc=0.093 ASR=0.000 (640s)
  [69/120] foolsgold->krum          committed_scaling  s44: acc=0.102 ASR=0.011 (641s)
  [70/120] foolsgold->krum          committed_pixel    s42: acc=0.103 ASR=0.223 (638s)
  [71/120] foolsgold->krum          committed_pixel    s43: acc=0.093 ASR=0.000 (640s)
  [72/120] foolsgold->krum          committed_pixel    s44: acc=0.102 ASR=0.011 (641s)
  [73/120] reputation->krum          committed_scaling  s42: acc=0.529 ASR=0.039 (719s)
  [74/120] reputation->krum          committed_scaling  s43: acc=0.514 ASR=0.026 (721s)
  [75/120] reputation->krum          committed_scaling  s44: acc=0.383 ASR=0.001 (722s)
  [76/120] reputation->krum          committed_pixel    s42: acc=0.648 ASR=0.838 (719s)
  [77/120] reputation->krum          committed_pixel    s43: acc=0.613 ASR=0.833 (721s)
  [78/120] reputation->krum          committed_pixel    s44: acc=0.491 ASR=0.970 (722s)
  [79/120] norm_clip->multi_krum    committed_scaling  s42: acc=0.781 ASR=0.938 (639s)
  [80/120] norm_clip->multi_krum    committed_scaling  s43: acc=0.695 ASR=0.989 (641s)
  [81/120] norm_clip->multi_krum    committed_scaling  s44: acc=0.710 ASR=0.902 (642s)
  [82/120] norm_clip->multi_krum    committed_pixel    s42: acc=0.784 ASR=0.823 (638s)
  [83/120] norm_clip->multi_krum    committed_pixel    s43: acc=0.797 ASR=0.739 (641s)
  [84/120] norm_clip->multi_krum    committed_pixel    s44: acc=0.799 ASR=0.788 (642s)
  [85/120] rfa->multi_krum    committed_scaling  s42: acc=0.786 ASR=0.892 (643s)
  [86/120] rfa->multi_krum    committed_scaling  s43: acc=0.780 ASR=0.874 (646s)
  [87/120] rfa->multi_krum    committed_scaling  s44: acc=0.792 ASR=0.861 (646s)
  [88/120] rfa->multi_krum    committed_pixel    s42: acc=0.778 ASR=0.844 (642s)
  [89/120] rfa->multi_krum    committed_pixel    s43: acc=0.779 ASR=0.782 (645s)
  [90/120] rfa->multi_krum    committed_pixel    s44: acc=0.779 ASR=0.851 (646s)
  [91/120] krum->rfa           committed_scaling  s42: acc=0.784 ASR=0.902 (639s)
  [92/120] krum->rfa           committed_scaling  s43: acc=0.781 ASR=0.849 (642s)
  [93/120] krum->rfa           committed_scaling  s44: acc=0.779 ASR=0.858 (642s)
  [94/120] krum->rfa           committed_pixel    s42: acc=0.781 ASR=0.832 (639s)
  [95/120] krum->rfa           committed_pixel    s43: acc=0.779 ASR=0.803 (641s)
  [96/120] krum->rfa           committed_pixel    s44: acc=0.779 ASR=0.822 (642s)
  [97/120] krum->coord_median  committed_scaling  s42: acc=0.772 ASR=0.549 (639s)
  [98/120] krum->coord_median  committed_scaling  s43: acc=0.766 ASR=0.341 (642s)
  [99/120] krum->coord_median  committed_scaling  s44: acc=0.780 ASR=0.460 (642s)
  [100/120] krum->coord_median  committed_pixel    s42: acc=0.769 ASR=0.395 (639s)
  [101/120] krum->coord_median  committed_pixel    s43: acc=0.770 ASR=0.287 (642s)
  [102/120] krum->coord_median  committed_pixel    s44: acc=0.765 ASR=0.449 (642s)
  [103/120] multi_krum->rfa           committed_scaling  s42: acc=0.784 ASR=0.902 (639s)
  [104/120] multi_krum->rfa           committed_scaling  s43: acc=0.781 ASR=0.849 (642s)
  [105/120] multi_krum->rfa           committed_scaling  s44: acc=0.779 ASR=0.858 (642s)
  [106/120] multi_krum->rfa           committed_pixel    s42: acc=0.781 ASR=0.832 (638s)
  [107/120] multi_krum->rfa           committed_pixel    s43: acc=0.779 ASR=0.803 (641s)
  [108/120] multi_krum->rfa           committed_pixel    s44: acc=0.779 ASR=0.822 (642s)
  [109/120] krum->fltrust       committed_scaling  s42: acc=0.553 ASR=0.052 (657s)
  [110/120] krum->fltrust       committed_scaling  s43: acc=0.600 ASR=0.046 (663s)
  [111/120] krum->fltrust       committed_scaling  s44: acc=0.570 ASR=0.045 (663s)
  [112/120] krum->fltrust       committed_pixel    s42: acc=0.553 ASR=0.049 (661s)
  [113/120] krum->fltrust       committed_pixel    s43: acc=0.602 ASR=0.047 (651s)
  [114/120] krum->fltrust       committed_pixel    s44: acc=0.569 ASR=0.043 (661s)
  [115/120] multi_krum->fltrust       committed_scaling  s42: acc=0.553 ASR=0.052 (661s)
  [116/120] multi_krum->fltrust       committed_scaling  s43: acc=0.600 ASR=0.046 (655s)
  [117/120] multi_krum->fltrust       committed_scaling  s44: acc=0.570 ASR=0.045 (662s)
  [118/120] multi_krum->fltrust       committed_pixel    s42: acc=0.553 ASR=0.049 (664s)
  [119/120] multi_krum->fltrust       committed_pixel    s43: acc=0.602 ASR=0.047 (680s)
  [120/120] multi_krum->fltrust       committed_pixel    s44: acc=0.569 ASR=0.043 (754s)

=== RESULTS vs FROZEN PREDICTIONS ===
pair                           cat                   pred  maxASR  actual  hit
fltrust->rfa                   certified              LOW   0.048     LOW  OK
foolsgold->fltrust             certified              LOW   0.064     LOW  OK
reputation->fltrust            certified              LOW   0.046     LOW  OK
norm_clip->fltrust             certified              LOW   0.046     LOW  OK
rfa->fltrust                   certified              LOW   0.047     LOW  OK
fltrust->coord_median          certified-uncertain    LOW   0.041     LOW  OK
fltrust->reputation            C2-fail               HIGH   0.048     LOW  MISS
fltrust->norm_clip             C2-fail               HIGH   0.047     LOW  MISS
fltrust->krum                  C2-fail               HIGH   0.078     LOW  MISS
fltrust->multi_krum            C2-fail               HIGH   0.045     LOW  MISS
fltrust->trimmed_mean          C3-fail-uncertain     HIGH   0.046     LOW  MISS
foolsgold->krum                C1-fail               HIGH   0.078     LOW  MISS
reputation->krum               C1-fail               HIGH   0.880    HIGH  OK
norm_clip->multi_krum          C1-fail               HIGH   0.943    HIGH  OK
rfa->multi_krum                C1-fail               HIGH   0.875    HIGH  OK
krum->rfa                      DEGEN                 HIGH   0.870    HIGH  OK
krum->coord_median             DEGEN                 HIGH   0.450     LOW  MISS
multi_krum->rfa                DEGEN                 HIGH   0.870    HIGH  OK
krum->fltrust                  DEGEN                  LOW   0.048     LOW  OK
multi_krum->fltrust            DEGEN                  LOW   0.048     LOW  OK

  Non-DEGEN confusion matrix: TP=6 FP=0 TN=3 FN=6  (9/15 correct)
  precision (predicted LOW): 6/6
  specificity: 3/3

Wall time: 25.7 h
Saved to /Users/mediratta/code/paper_writing/AI-Researcher/code/data_poisoning_game/results/prospective_suite/summary.json
